// Jest Snapshot v1, https://goo.gl/fbAQLP

exports[`Card component Should match snapshot upon render 1`] = `
ShallowWrapper {
  "length": 1,
  Symbol(enzyme.__root__): [Circular],
  Symbol(enzyme.__unrendered__): <Unknown />,
  Symbol(enzyme.__renderer__): Object {
    "batchedUpdates": [Function],
    "getNode": [Function],
    "render": [Function],
    "simulateEvent": [Function],
    "unmount": [Function],
  },
  Symbol(enzyme.__node__): Object {
    "instance": null,
    "key": undefined,
    "nodeType": "host",
    "props": Object {
      "children": Array [
        <h2>
          name
</h2>,
        <ul>
          <li>
                    Homeworld
          </li>
          <li>
                    Species
          </li>
          <li>
                    Language
          </li>
          <li>
                    Population of Homeworld
          </li>
</ul>,
        <button>
          Favorite
</button>,
      ],
    },
    "ref": null,
    "rendered": Array [
      Object {
        "instance": null,
        "key": undefined,
        "nodeType": "host",
        "props": Object {
          "children": "name",
        },
        "ref": null,
        "rendered": "name",
        "type": "h2",
      },
      Object {
        "instance": null,
        "key": undefined,
        "nodeType": "host",
        "props": Object {
          "children": Array [
            <li>
              Homeworld
</li>,
            <li>
              Species
</li>,
            <li>
              Language
</li>,
            <li>
              Population of Homeworld
</li>,
          ],
        },
        "ref": null,
        "rendered": Array [
          Object {
            "instance": null,
            "key": undefined,
            "nodeType": "host",
            "props": Object {
              "children": "Homeworld",
            },
            "ref": null,
            "rendered": "Homeworld",
            "type": "li",
          },
          Object {
            "instance": null,
            "key": undefined,
            "nodeType": "host",
            "props": Object {
              "children": "Species",
            },
            "ref": null,
            "rendered": "Species",
            "type": "li",
          },
          Object {
            "instance": null,
            "key": undefined,
            "nodeType": "host",
            "props": Object {
              "children": "Language",
            },
            "ref": null,
            "rendered": "Language",
            "type": "li",
          },
          Object {
            "instance": null,
            "key": undefined,
            "nodeType": "host",
            "props": Object {
              "children": "Population of Homeworld",
            },
            "ref": null,
            "rendered": "Population of Homeworld",
            "type": "li",
          },
        ],
        "type": "ul",
      },
      Object {
        "instance": null,
        "key": undefined,
        "nodeType": "host",
        "props": Object {
          "children": "Favorite",
        },
        "ref": null,
        "rendered": "Favorite",
        "type": "button",
      },
    ],
    "type": "div",
  },
  Symbol(enzyme.__nodes__): Array [
    Object {
      "instance": null,
      "key": undefined,
      "nodeType": "host",
      "props": Object {
        "children": Array [
          <h2>
            name
</h2>,
          <ul>
            <li>
                        Homeworld
            </li>
            <li>
                        Species
            </li>
            <li>
                        Language
            </li>
            <li>
                        Population of Homeworld
            </li>
</ul>,
          <button>
            Favorite
</button>,
        ],
      },
      "ref": null,
      "rendered": Array [
        Object {
          "instance": null,
          "key": undefined,
          "nodeType": "host",
          "props": Object {
            "children": "name",
          },
          "ref": null,
          "rendered": "name",
          "type": "h2",
        },
        Object {
          "instance": null,
          "key": undefined,
          "nodeType": "host",
          "props": Object {
            "children": Array [
              <li>
                Homeworld
</li>,
              <li>
                Species
</li>,
              <li>
                Language
</li>,
              <li>
                Population of Homeworld
</li>,
            ],
          },
          "ref": null,
          "rendered": Array [
            Object {
              "instance": null,
              "key": undefined,
              "nodeType": "host",
              "props": Object {
                "children": "Homeworld",
              },
              "ref": null,
              "rendered": "Homeworld",
              "type": "li",
            },
            Object {
              "instance": null,
              "key": undefined,
              "nodeType": "host",
              "props": Object {
                "children": "Species",
              },
              "ref": null,
              "rendered": "Species",
              "type": "li",
            },
            Object {
              "instance": null,
              "key": undefined,
              "nodeType": "host",
              "props": Object {
                "children": "Language",
              },
              "ref": null,
              "rendered": "Language",
              "type": "li",
            },
            Object {
              "instance": null,
              "key": undefined,
              "nodeType": "host",
              "props": Object {
                "children": "Population of Homeworld",
              },
              "ref": null,
              "rendered": "Population of Homeworld",
              "type": "li",
            },
          ],
          "type": "ul",
        },
        Object {
          "instance": null,
          "key": undefined,
          "nodeType": "host",
          "props": Object {
            "children": "Favorite",
          },
          "ref": null,
          "rendered": "Favorite",
          "type": "button",
        },
      ],
      "type": "div",
    },
  ],
  Symbol(enzyme.__options__): Object {
    "adapter": ReactSixteenAdapter {
      "options": Object {
        "enableComponentDidUpdateOnSetState": true,
      },
    },
  },
}
`;
